// Jest Snapshot v1, https://goo.gl/fbAQLP

exports[`<NavigationItems /> Should render NavigationItems 1`] = `
<MemoryRouter>
  <Router
    history={
      Object {
        "action": "POP",
        "block": [Function],
        "canGo": [Function],
        "createHref": [Function],
        "entries": Array [
          Object {
            "hash": "",
            "key": "lj6lhd",
            "pathname": "/",
            "search": "",
            "state": undefined,
          },
        ],
        "go": [Function],
        "goBack": [Function],
        "goForward": [Function],
        "index": 0,
        "length": 1,
        "listen": [Function],
        "location": Object {
          "hash": "",
          "key": "lj6lhd",
          "pathname": "/",
          "search": "",
          "state": undefined,
        },
        "push": [Function],
        "replace": [Function],
      }
    }
  >
    <navigationItems>
      <ul
        className="NavigationItems"
      >
        <navigationItem
          exact={true}
          link="/"
        >
          <li
            className="NavigationItem"
          >
            <NavLink
              activeClassName="active"
              ariaCurrent="true"
              exact={true}
              to="/"
            >
              <Route
                exact={true}
                path="/"
              >
                <Link
                  aria-current="true"
                  className="active"
                  replace={false}
                  style={Object {}}
                  to="/"
                >
                  <a
                    aria-current="true"
                    className="active"
                    href="/"
                    onClick={[Function]}
                    style={Object {}}
                  >
                    Home
                  </a>
                </Link>
              </Route>
            </NavLink>
          </li>
        </navigationItem>
        <navigationItem
          link="/detail"
        >
          <li
            className="NavigationItem"
          >
            <NavLink
              activeClassName="active"
              ariaCurrent="true"
              to="/detail"
            >
              <Route
                path="/detail"
              >
                <Link
                  aria-current={false}
                  replace={false}
                  to="/detail"
                >
                  <a
                    aria-current={false}
                    href="/detail"
                    onClick={[Function]}
                  >
                    Detail
                  </a>
                </Link>
              </Route>
            </NavLink>
          </li>
        </navigationItem>
        <navigationItem
          link="/favs"
        >
          <li
            className="NavigationItem"
          >
            <NavLink
              activeClassName="active"
              ariaCurrent="true"
              to="/favs"
            >
              <Route
                path="/favs"
              >
                <Link
                  aria-current={false}
                  replace={false}
                  to="/favs"
                >
                  <a
                    aria-current={false}
                    href="/favs"
                    onClick={[Function]}
                  >
                    Favorites
                  </a>
                </Link>
              </Route>
            </NavLink>
          </li>
        </navigationItem>
      </ul>
    </navigationItems>
  </Router>
</MemoryRouter>
`;
