// Jest Snapshot v1, https://goo.gl/fbAQLP

exports[`should render a Pokemon detail page 1`] = `null`;
