// Jest Snapshot v1, https://goo.gl/fbAQLP

exports[`<MainStageRouter /> Should render MainStageRouter 1`] = `
<Router
  history={
    Object {
      "action": "POP",
      "block": [Function],
      "canGo": [Function],
      "createHref": [Function],
      "entries": Array [
        Object {
          "hash": "",
          "key": "testKey",
          "pathname": "/",
          "search": "",
        },
      ],
      "go": [Function],
      "goBack": [Function],
      "goForward": [Function],
      "index": 0,
      "length": 1,
      "listen": [Function],
      "location": Object {
        "hash": "",
        "key": "testKey",
        "pathname": "/",
        "search": "",
      },
      "push": [Function],
      "replace": [Function],
    }
  }
>
  <MainStageRouter
    characters={
      Array [
        Object {
          "created": "2017-11-04T18:48:46.250Z",
          "episode": Array [
            "https://rickandmortyapi.com/api/episode/1",
            "https://rickandmortyapi.com/api/episode/2",
            "https://rickandmortyapi.com/api/episode/3",
            "https://rickandmortyapi.com/api/episode/4",
            "https://rickandmortyapi.com/api/episode/5",
            "https://rickandmortyapi.com/api/episode/6",
            "https://rickandmortyapi.com/api/episode/7",
            "https://rickandmortyapi.com/api/episode/8",
            "https://rickandmortyapi.com/api/episode/9",
            "https://rickandmortyapi.com/api/episode/10",
            "https://rickandmortyapi.com/api/episode/11",
            "https://rickandmortyapi.com/api/episode/12",
            "https://rickandmortyapi.com/api/episode/13",
            "https://rickandmortyapi.com/api/episode/14",
            "https://rickandmortyapi.com/api/episode/15",
            "https://rickandmortyapi.com/api/episode/16",
            "https://rickandmortyapi.com/api/episode/17",
            "https://rickandmortyapi.com/api/episode/18",
            "https://rickandmortyapi.com/api/episode/19",
            "https://rickandmortyapi.com/api/episode/20",
            "https://rickandmortyapi.com/api/episode/21",
            "https://rickandmortyapi.com/api/episode/22",
            "https://rickandmortyapi.com/api/episode/23",
            "https://rickandmortyapi.com/api/episode/24",
            "https://rickandmortyapi.com/api/episode/25",
            "https://rickandmortyapi.com/api/episode/26",
            "https://rickandmortyapi.com/api/episode/27",
            "https://rickandmortyapi.com/api/episode/28",
            "https://rickandmortyapi.com/api/episode/29",
            "https://rickandmortyapi.com/api/episode/30",
            "https://rickandmortyapi.com/api/episode/31",
          ],
          "gender": "Male",
          "id": 1,
          "image": "https://rickandmortyapi.com/api/character/avatar/1.jpeg",
          "location": Object {
            "name": "Earth (Replacement Dimension)",
            "url": "https://rickandmortyapi.com/api/location/20",
          },
          "name": "Rick Sanchez",
          "origin": Object {
            "name": "Earth (C-137)",
            "url": "https://rickandmortyapi.com/api/location/1",
          },
          "species": "Human",
          "status": "Alive",
          "type": "",
          "url": "https://rickandmortyapi.com/api/character/1",
        },
        Object {
          "created": "2017-11-04T18:50:21.651Z",
          "episode": Array [
            "https://rickandmortyapi.com/api/episode/1",
            "https://rickandmortyapi.com/api/episode/2",
            "https://rickandmortyapi.com/api/episode/3",
            "https://rickandmortyapi.com/api/episode/4",
            "https://rickandmortyapi.com/api/episode/5",
            "https://rickandmortyapi.com/api/episode/6",
            "https://rickandmortyapi.com/api/episode/7",
            "https://rickandmortyapi.com/api/episode/8",
            "https://rickandmortyapi.com/api/episode/9",
            "https://rickandmortyapi.com/api/episode/10",
            "https://rickandmortyapi.com/api/episode/11",
            "https://rickandmortyapi.com/api/episode/12",
            "https://rickandmortyapi.com/api/episode/13",
            "https://rickandmortyapi.com/api/episode/14",
            "https://rickandmortyapi.com/api/episode/15",
            "https://rickandmortyapi.com/api/episode/16",
            "https://rickandmortyapi.com/api/episode/17",
            "https://rickandmortyapi.com/api/episode/18",
            "https://rickandmortyapi.com/api/episode/19",
            "https://rickandmortyapi.com/api/episode/20",
            "https://rickandmortyapi.com/api/episode/21",
            "https://rickandmortyapi.com/api/episode/22",
            "https://rickandmortyapi.com/api/episode/23",
            "https://rickandmortyapi.com/api/episode/24",
            "https://rickandmortyapi.com/api/episode/25",
            "https://rickandmortyapi.com/api/episode/26",
            "https://rickandmortyapi.com/api/episode/27",
            "https://rickandmortyapi.com/api/episode/28",
            "https://rickandmortyapi.com/api/episode/29",
            "https://rickandmortyapi.com/api/episode/30",
            "https://rickandmortyapi.com/api/episode/31",
          ],
          "gender": "Male",
          "id": 2,
          "image": "https://rickandmortyapi.com/api/character/avatar/2.jpeg",
          "location": Object {
            "name": "Earth (Replacement Dimension)",
            "url": "https://rickandmortyapi.com/api/location/20",
          },
          "name": "Morty Smith",
          "origin": Object {
            "name": "Earth (C-137)",
            "url": "https://rickandmortyapi.com/api/location/1",
          },
          "species": "Human",
          "status": "Alive",
          "type": "",
          "url": "https://rickandmortyapi.com/api/character/2",
        },
        Object {
          "created": "2017-11-04T19:09:56.428Z",
          "episode": Array [
            "https://rickandmortyapi.com/api/episode/6",
            "https://rickandmortyapi.com/api/episode/7",
            "https://rickandmortyapi.com/api/episode/8",
            "https://rickandmortyapi.com/api/episode/9",
            "https://rickandmortyapi.com/api/episode/10",
            "https://rickandmortyapi.com/api/episode/11",
            "https://rickandmortyapi.com/api/episode/12",
            "https://rickandmortyapi.com/api/episode/14",
            "https://rickandmortyapi.com/api/episode/15",
            "https://rickandmortyapi.com/api/episode/16",
            "https://rickandmortyapi.com/api/episode/17",
            "https://rickandmortyapi.com/api/episode/18",
            "https://rickandmortyapi.com/api/episode/19",
            "https://rickandmortyapi.com/api/episode/20",
            "https://rickandmortyapi.com/api/episode/21",
            "https://rickandmortyapi.com/api/episode/22",
            "https://rickandmortyapi.com/api/episode/23",
            "https://rickandmortyapi.com/api/episode/24",
            "https://rickandmortyapi.com/api/episode/25",
            "https://rickandmortyapi.com/api/episode/26",
            "https://rickandmortyapi.com/api/episode/27",
            "https://rickandmortyapi.com/api/episode/29",
            "https://rickandmortyapi.com/api/episode/30",
            "https://rickandmortyapi.com/api/episode/31",
          ],
          "gender": "Female",
          "id": 3,
          "image": "https://rickandmortyapi.com/api/character/avatar/3.jpeg",
          "location": Object {
            "name": "Earth (Replacement Dimension)",
            "url": "https://rickandmortyapi.com/api/location/20",
          },
          "name": "Summer Smith",
          "origin": Object {
            "name": "Earth (Replacement Dimension)",
            "url": "https://rickandmortyapi.com/api/location/20",
          },
          "species": "Human",
          "status": "Alive",
          "type": "",
          "url": "https://rickandmortyapi.com/api/character/3",
        },
        Object {
          "created": "2017-11-04T19:22:43.665Z",
          "episode": Array [
            "https://rickandmortyapi.com/api/episode/6",
            "https://rickandmortyapi.com/api/episode/7",
            "https://rickandmortyapi.com/api/episode/8",
            "https://rickandmortyapi.com/api/episode/9",
            "https://rickandmortyapi.com/api/episode/10",
            "https://rickandmortyapi.com/api/episode/11",
            "https://rickandmortyapi.com/api/episode/12",
            "https://rickandmortyapi.com/api/episode/14",
            "https://rickandmortyapi.com/api/episode/15",
            "https://rickandmortyapi.com/api/episode/16",
            "https://rickandmortyapi.com/api/episode/18",
            "https://rickandmortyapi.com/api/episode/19",
            "https://rickandmortyapi.com/api/episode/20",
            "https://rickandmortyapi.com/api/episode/21",
            "https://rickandmortyapi.com/api/episode/22",
            "https://rickandmortyapi.com/api/episode/23",
            "https://rickandmortyapi.com/api/episode/24",
            "https://rickandmortyapi.com/api/episode/25",
            "https://rickandmortyapi.com/api/episode/26",
            "https://rickandmortyapi.com/api/episode/27",
            "https://rickandmortyapi.com/api/episode/28",
            "https://rickandmortyapi.com/api/episode/29",
            "https://rickandmortyapi.com/api/episode/30",
            "https://rickandmortyapi.com/api/episode/31",
          ],
          "gender": "Female",
          "id": 4,
          "image": "https://rickandmortyapi.com/api/character/avatar/4.jpeg",
          "location": Object {
            "name": "Earth (Replacement Dimension)",
            "url": "https://rickandmortyapi.com/api/location/20",
          },
          "name": "Beth Smith",
          "origin": Object {
            "name": "Earth (Replacement Dimension)",
            "url": "https://rickandmortyapi.com/api/location/20",
          },
          "species": "Human",
          "status": "Alive",
          "type": "",
          "url": "https://rickandmortyapi.com/api/character/4",
        },
        Object {
          "created": "2017-11-04T19:26:56.301Z",
          "episode": Array [
            "https://rickandmortyapi.com/api/episode/6",
            "https://rickandmortyapi.com/api/episode/7",
            "https://rickandmortyapi.com/api/episode/8",
            "https://rickandmortyapi.com/api/episode/9",
            "https://rickandmortyapi.com/api/episode/10",
            "https://rickandmortyapi.com/api/episode/11",
            "https://rickandmortyapi.com/api/episode/12",
            "https://rickandmortyapi.com/api/episode/13",
            "https://rickandmortyapi.com/api/episode/14",
            "https://rickandmortyapi.com/api/episode/15",
            "https://rickandmortyapi.com/api/episode/16",
            "https://rickandmortyapi.com/api/episode/18",
            "https://rickandmortyapi.com/api/episode/19",
            "https://rickandmortyapi.com/api/episode/20",
            "https://rickandmortyapi.com/api/episode/21",
            "https://rickandmortyapi.com/api/episode/22",
            "https://rickandmortyapi.com/api/episode/23",
            "https://rickandmortyapi.com/api/episode/26",
            "https://rickandmortyapi.com/api/episode/29",
            "https://rickandmortyapi.com/api/episode/30",
            "https://rickandmortyapi.com/api/episode/31",
          ],
          "gender": "Male",
          "id": 5,
          "image": "https://rickandmortyapi.com/api/character/avatar/5.jpeg",
          "location": Object {
            "name": "Earth (Replacement Dimension)",
            "url": "https://rickandmortyapi.com/api/location/20",
          },
          "name": "Jerry Smith",
          "origin": Object {
            "name": "Earth (Replacement Dimension)",
            "url": "https://rickandmortyapi.com/api/location/20",
          },
          "species": "Human",
          "status": "Alive",
          "type": "",
          "url": "https://rickandmortyapi.com/api/character/5",
        },
        Object {
          "created": "2017-11-04T19:50:28.250Z",
          "episode": Array [
            "https://rickandmortyapi.com/api/episode/27",
          ],
          "gender": "Female",
          "id": 6,
          "image": "https://rickandmortyapi.com/api/character/avatar/6.jpeg",
          "location": Object {
            "name": "Abadango",
            "url": "https://rickandmortyapi.com/api/location/2",
          },
          "name": "Abadango Cluster Princess",
          "origin": Object {
            "name": "Abadango",
            "url": "https://rickandmortyapi.com/api/location/2",
          },
          "species": "Alien",
          "status": "Alive",
          "type": "",
          "url": "https://rickandmortyapi.com/api/character/6",
        },
        Object {
          "created": "2017-11-04T19:59:20.523Z",
          "episode": Array [
            "https://rickandmortyapi.com/api/episode/10",
            "https://rickandmortyapi.com/api/episode/11",
          ],
          "gender": "Male",
          "id": 7,
          "image": "https://rickandmortyapi.com/api/character/avatar/7.jpeg",
          "location": Object {
            "name": "Testicle Monster Dimension",
            "url": "https://rickandmortyapi.com/api/location/21",
          },
          "name": "Abradolf Lincler",
          "origin": Object {
            "name": "Earth (Replacement Dimension)",
            "url": "https://rickandmortyapi.com/api/location/20",
          },
          "species": "Human",
          "status": "unknown",
          "type": "Genetic experiment",
          "url": "https://rickandmortyapi.com/api/character/7",
        },
        Object {
          "created": "2017-11-04T20:03:34.737Z",
          "episode": Array [
            "https://rickandmortyapi.com/api/episode/28",
          ],
          "gender": "Male",
          "id": 8,
          "image": "https://rickandmortyapi.com/api/character/avatar/8.jpeg",
          "location": Object {
            "name": "Citadel of Ricks",
            "url": "https://rickandmortyapi.com/api/location/3",
          },
          "name": "Adjudicator Rick",
          "origin": Object {
            "name": "unknown",
            "url": "",
          },
          "species": "Human",
          "status": "Dead",
          "type": "",
          "url": "https://rickandmortyapi.com/api/character/8",
        },
        Object {
          "created": "2017-11-04T20:06:54.976Z",
          "episode": Array [
            "https://rickandmortyapi.com/api/episode/24",
          ],
          "gender": "Male",
          "id": 9,
          "image": "https://rickandmortyapi.com/api/character/avatar/9.jpeg",
          "location": Object {
            "name": "Earth (Replacement Dimension)",
            "url": "https://rickandmortyapi.com/api/location/20",
          },
          "name": "Agency Director",
          "origin": Object {
            "name": "Earth (Replacement Dimension)",
            "url": "https://rickandmortyapi.com/api/location/20",
          },
          "species": "Human",
          "status": "Dead",
          "type": "",
          "url": "https://rickandmortyapi.com/api/character/9",
        },
        Object {
          "created": "2017-11-04T20:19:09.017Z",
          "episode": Array [
            "https://rickandmortyapi.com/api/episode/25",
          ],
          "gender": "Male",
          "id": 10,
          "image": "https://rickandmortyapi.com/api/character/avatar/10.jpeg",
          "location": Object {
            "name": "Worldender's lair",
            "url": "https://rickandmortyapi.com/api/location/4",
          },
          "name": "Alan Rails",
          "origin": Object {
            "name": "unknown",
            "url": "",
          },
          "species": "Human",
          "status": "Dead",
          "type": "Superhuman (Ghost trains summoner)",
          "url": "https://rickandmortyapi.com/api/character/10",
        },
        Object {
          "created": "2017-11-04T20:20:20.965Z",
          "episode": Array [
            "https://rickandmortyapi.com/api/episode/12",
          ],
          "gender": "Male",
          "id": 11,
          "image": "https://rickandmortyapi.com/api/character/avatar/11.jpeg",
          "location": Object {
            "name": "Earth (Replacement Dimension)",
            "url": "https://rickandmortyapi.com/api/location/20",
          },
          "name": "Albert Einstein",
          "origin": Object {
            "name": "Earth (C-137)",
            "url": "https://rickandmortyapi.com/api/location/1",
          },
          "species": "Human",
          "status": "Dead",
          "type": "",
          "url": "https://rickandmortyapi.com/api/character/11",
        },
        Object {
          "created": "2017-11-04T20:32:33.144Z",
          "episode": Array [
            "https://rickandmortyapi.com/api/episode/3",
          ],
          "gender": "Male",
          "id": 12,
          "image": "https://rickandmortyapi.com/api/character/avatar/12.jpeg",
          "location": Object {
            "name": "Anatomy Park",
            "url": "https://rickandmortyapi.com/api/location/5",
          },
          "name": "Alexander",
          "origin": Object {
            "name": "Earth (C-137)",
            "url": "https://rickandmortyapi.com/api/location/1",
          },
          "species": "Human",
          "status": "Dead",
          "type": "",
          "url": "https://rickandmortyapi.com/api/character/12",
        },
        Object {
          "created": "2017-11-04T20:33:30.779Z",
          "episode": Array [
            "https://rickandmortyapi.com/api/episode/31",
          ],
          "gender": "unknown",
          "id": 13,
          "image": "https://rickandmortyapi.com/api/character/avatar/13.jpeg",
          "location": Object {
            "name": "Earth (Replacement Dimension)",
            "url": "https://rickandmortyapi.com/api/location/20",
          },
          "name": "Alien Googah",
          "origin": Object {
            "name": "unknown",
            "url": "",
          },
          "species": "Alien",
          "status": "unknown",
          "type": "",
          "url": "https://rickandmortyapi.com/api/character/13",
        },
        Object {
          "created": "2017-11-04T20:51:31.373Z",
          "episode": Array [
            "https://rickandmortyapi.com/api/episode/10",
          ],
          "gender": "Male",
          "id": 14,
          "image": "https://rickandmortyapi.com/api/character/avatar/14.jpeg",
          "location": Object {
            "name": "Citadel of Ricks",
            "url": "https://rickandmortyapi.com/api/location/3",
          },
          "name": "Alien Morty",
          "origin": Object {
            "name": "unknown",
            "url": "",
          },
          "species": "Alien",
          "status": "unknown",
          "type": "",
          "url": "https://rickandmortyapi.com/api/character/14",
        },
        Object {
          "created": "2017-11-04T20:56:13.215Z",
          "episode": Array [
            "https://rickandmortyapi.com/api/episode/10",
          ],
          "gender": "Male",
          "id": 15,
          "image": "https://rickandmortyapi.com/api/character/avatar/15.jpeg",
          "location": Object {
            "name": "Citadel of Ricks",
            "url": "https://rickandmortyapi.com/api/location/3",
          },
          "name": "Alien Rick",
          "origin": Object {
            "name": "unknown",
            "url": "",
          },
          "species": "Alien",
          "status": "unknown",
          "type": "",
          "url": "https://rickandmortyapi.com/api/character/15",
        },
        Object {
          "created": "2017-11-04T21:12:45.235Z",
          "episode": Array [
            "https://rickandmortyapi.com/api/episode/15",
          ],
          "gender": "Male",
          "id": 16,
          "image": "https://rickandmortyapi.com/api/character/avatar/16.jpeg",
          "location": Object {
            "name": "Earth (Replacement Dimension)",
            "url": "https://rickandmortyapi.com/api/location/20",
          },
          "name": "Amish Cyborg",
          "origin": Object {
            "name": "unknown",
            "url": "",
          },
          "species": "Alien",
          "status": "Dead",
          "type": "Parasite, Cyborg",
          "url": "https://rickandmortyapi.com/api/character/16",
        },
        Object {
          "created": "2017-11-04T22:21:24.481Z",
          "episode": Array [
            "https://rickandmortyapi.com/api/episode/3",
          ],
          "gender": "Female",
          "id": 17,
          "image": "https://rickandmortyapi.com/api/character/avatar/17.jpeg",
          "location": Object {
            "name": "Anatomy Park",
            "url": "https://rickandmortyapi.com/api/location/5",
          },
          "name": "Annie",
          "origin": Object {
            "name": "Earth (C-137)",
            "url": "https://rickandmortyapi.com/api/location/1",
          },
          "species": "Human",
          "status": "Alive",
          "type": "",
          "url": "https://rickandmortyapi.com/api/character/17",
        },
        Object {
          "created": "2017-11-04T22:25:29.008Z",
          "episode": Array [
            "https://rickandmortyapi.com/api/episode/10",
            "https://rickandmortyapi.com/api/episode/28",
          ],
          "gender": "Male",
          "id": 18,
          "image": "https://rickandmortyapi.com/api/character/avatar/18.jpeg",
          "location": Object {
            "name": "Citadel of Ricks",
            "url": "https://rickandmortyapi.com/api/location/3",
          },
          "name": "Antenna Morty",
          "origin": Object {
            "name": "unknown",
            "url": "",
          },
          "species": "Human",
          "status": "Alive",
          "type": "Human with antennae",
          "url": "https://rickandmortyapi.com/api/character/18",
        },
        Object {
          "created": "2017-11-04T22:28:13.756Z",
          "episode": Array [
            "https://rickandmortyapi.com/api/episode/10",
          ],
          "gender": "Male",
          "id": 19,
          "image": "https://rickandmortyapi.com/api/character/avatar/19.jpeg",
          "location": Object {
            "name": "unknown",
            "url": "",
          },
          "name": "Antenna Rick",
          "origin": Object {
            "name": "unknown",
            "url": "",
          },
          "species": "Human",
          "status": "unknown",
          "type": "Human with antennae",
          "url": "https://rickandmortyapi.com/api/character/19",
        },
        Object {
          "created": "2017-11-04T22:34:53.659Z",
          "episode": Array [
            "https://rickandmortyapi.com/api/episode/8",
          ],
          "gender": "Male",
          "id": 20,
          "image": "https://rickandmortyapi.com/api/character/avatar/20.jpeg",
          "location": Object {
            "name": "Interdimensional Cable",
            "url": "https://rickandmortyapi.com/api/location/6",
          },
          "name": "Ants in my Eyes Johnson",
          "origin": Object {
            "name": "unknown",
            "url": "",
          },
          "species": "Human",
          "status": "unknown",
          "type": "Human with ants in his eyes",
          "url": "https://rickandmortyapi.com/api/character/20",
        },
      ]
    }
  />
</Router>
`;
