// Jest Snapshot v1, https://goo.gl/fbAQLP

exports[`Home component should render 1`] = `
<div
  className="home"
>
  <section
    className="page-content"
  />
  <div
    className="pagination"
  >
    <button
      onClick={[Function]}
    >
      Next
    </button>
  </div>
</div>
`;
