// Jest Snapshot v1, https://goo.gl/fbAQLP

exports[`should render a index page 1`] = `
<div>
  <h1>
    Pokemon Index
  </h1>
  <p>
    Click on the Pokemon name to learn more about that Pokemon
  </p>
  <div
    className="PokemonIndex"
  />
  <button
    onClick={[Function]}
  >
    Previous
  </button>
  <button
    onClick={[Function]}
  >
    Next
  </button>
</div>
`;
